// Jest Snapshot v1, https://goo.gl/fbAQLP

exports[`Game Selectors useFilteredGames filters games based on multiple criteria 1`] = `null`;

exports[`Game Selectors useFilteredGames returns empty array when no games match filters 1`] = `null`;

exports[`Game Selectors useGameById returns the correct game by id 1`] = `null`;

exports[`Game Selectors useGameById returns undefined for non-existent game 1`] = `null`;

exports[`Game Selectors useGameStats calculates correct game statistics 1`] = `null`;

exports[`Game Selectors useGamesBySkillLevel filters games by skill level 1`] = `null`;

exports[`Game Selectors useGamesByStatus filters games by status 1`] = `null`;

exports[`Game Selectors usePaginatedGames returns correct pagination data 1`] = `null`;
