// Jest Snapshot v1, https://goo.gl/fbAQLP

exports[`UI Selectors useLoadingState returns correct loading state when loading: loading 1`] = `null`;

exports[`UI Selectors useLoadingState returns correct loading state when not loading: not loading 1`] = `null`;

exports[`UI Selectors useThemeMode returns correct theme mode state for dark theme: dark theme 1`] = `null`;

exports[`UI Selectors useThemeMode returns correct theme mode state for light theme: light theme 1`] = `null`;

exports[`UI Selectors useThemedColor returns correct color for dark theme: dark mode color 1`] = `null`;

exports[`UI Selectors useThemedColor returns correct color for light theme: light mode color 1`] = `null`;

exports[`UI Selectors useThemedColor returns default color when no custom colors provided: default themed color 1`] = `null`;

exports[`UI Selectors useToastState returns correct toast state for success toast: success toast 1`] = `null`;

exports[`UI Selectors useToastState returns correct toast state when toast is hidden: hidden toast 1`] = `null`;
