// Jest Snapshot v1, https://goo.gl/fbAQLP

exports[`Button renders correctly in disabled state: disabled state 1`] = `null`;

exports[`Button renders correctly in loading and disabled state: loading and disabled 1`] = `null`;

exports[`Button renders correctly in loading state: loading state 1`] = `null`;

exports[`Button renders correctly with accessibility props: accessibility props 1`] = `null`;

exports[`Button renders correctly with default props 1`] = `null`;

exports[`Button renders correctly with different sizes: large size 1`] = `null`;

exports[`Button renders correctly with different sizes: medium size 1`] = `null`;

exports[`Button renders correctly with different sizes: small size 1`] = `null`;

exports[`Button renders correctly with different variants: outline variant 1`] = `null`;

exports[`Button renders correctly with different variants: primary variant 1`] = `null`;

exports[`Button renders correctly with different variants: secondary variant 1`] = `null`;

exports[`Button renders correctly with full width: full width 1`] = `null`;

exports[`Button renders correctly with icon children: icon children 1`] = `null`;
