// Jest Snapshot v1, https://goo.gl/fbAQLP

exports[`SimpleGameRegistration renders correctly with various prop combinations 1`] = `null`;

exports[`SimpleGameRegistration renders correctly with various prop combinations 2`] = `null`;

exports[`SimpleGameRegistration renders correctly with various prop combinations 3`] = `null`;
