// Jest Snapshot v1, https://goo.gl/fbAQLP

exports[`ThemedText renders correctly in dark mode 1`] = `null`;

exports[`ThemedText renders correctly in light mode 1`] = `null`;

exports[`ThemedText renders correctly with custom styles 1`] = `null`;

exports[`ThemedText renders correctly with different types: default type 1`] = `null`;

exports[`ThemedText renders correctly with different types: link type 1`] = `null`;

exports[`ThemedText renders correctly with different types: subtitle type 1`] = `null`;

exports[`ThemedText renders correctly with different types: title type 1`] = `null`;
